{"level":"info","ts":"2025-10-11T16:52:13.779+0800","caller":"api/main.go:44","msg":"server starts successfully","module":"gin-api"}
{"level":"info","ts":"2025-10-11T16:52:20.918+0800","caller":"mq/dataset_worker.go:64","msg":"DatasetWorker started, waiting for jobs...","module":"mq-worker","queue":"dataset_jobs"}
{"level":"info","ts":"2025-10-11T16:52:47.131+0800","caller":"eval/eval.go:47","msg":"CreateBatchEvalJob started","module":"gin-api","userId":2,"datasetId":17}
{"level":"info","ts":"2025-10-11T16:52:47.151+0800","caller":"eval/eval.go:140","msg":"CreateBatchEvalJob success","module":"gin-api","userId":2}
{"level":"info","ts":"2025-10-11T16:52:47.152+0800","caller":"zap@v1.1.5/zap.go:125","msg":"/eval/task/create","module":"gin-api","status":200,"method":"POST","path":"/eval/task/create","query":"","ip":"::1","user-agent":"PostmanRuntime/7.45.0","latency":0.029162667,"time":"2025-10-11T08:52:47Z"}
{"level":"info","ts":"2025-10-11T16:55:52.905+0800","caller":"mq/dataset_worker.go:64","msg":"DatasetWorker started, waiting for jobs...","module":"mq-worker","queue":"dataset_jobs"}
{"level":"info","ts":"2025-10-11T16:55:52.912+0800","caller":"mq/eval_worker.go:86","msg":"EvalWorker started, waiting for jobs...","module":"mq-worker","queue":"eval_jobs","worker_pool_size":15}
{"level":"info","ts":"2025-10-11T16:56:32.365+0800","caller":"api/main.go:44","msg":"server starts successfully","module":"gin-api"}
{"level":"info","ts":"2025-10-11T16:56:36.028+0800","caller":"eval/eval.go:47","msg":"CreateBatchEvalJob started","module":"gin-api","userId":2,"datasetId":17}
{"level":"error","ts":"2025-10-11T16:56:36.042+0800","caller":"eval/eval.go:111","msg":"CreateBatchEvalJob channel queue errException (406) Reason: \"PRECONDITION_FAILED - inequivalent arg 'x-dead-letter-exchange' for queue 'eval_jobs' in vhost '/': received none but current is the value '' of type 'longstr'\"","module":"gin-api","userId":2,"stacktrace":"awesomeEval/internal/service/eval.(*Service).CreateBatchEvalJob\n\t/Users/maggie/GolandProjects/awesomeEval/internal/service/eval/eval.go:111\nawesomeEval/internal/handler.(*EvalHandler).CreateBatchEvalJob\n\t/Users/maggie/GolandProjects/awesomeEval/internal/handler/eval.go:33\ngithub.com/gin-gonic/gin.(*Context).Next\n\t/Users/maggie/go/pkg/mod/github.com/gin-gonic/gin@v1.10.1/context.go:185\nmain.main.(*AuthHandler).AuthMiddleware.func3\n\t/Users/maggie/GolandProjects/awesomeEval/middleware/auth.go:62\ngithub.com/gin-gonic/gin.(*Context).Next\n\t/Users/maggie/go/pkg/mod/github.com/gin-gonic/gin@v1.10.1/context.go:185\nmain.main.RecoveryWithZap.CustomRecoveryWithZap.func7\n\t/Users/maggie/go/pkg/mod/github.com/gin-contrib/zap@v1.1.5/zap.go:199\ngithub.com/gin-gonic/gin.(*Context).Next\n\t/Users/maggie/go/pkg/mod/github.com/gin-gonic/gin@v1.10.1/context.go:185\nmain.main.Ginzap.GinzapWithConfig.func6\n\t/Users/maggie/go/pkg/mod/github.com/gin-contrib/zap@v1.1.5/zap.go:76\ngithub.com/gin-gonic/gin.(*Context).Next\n\t/Users/maggie/go/pkg/mod/github.com/gin-gonic/gin@v1.10.1/context.go:185\ngithub.com/gin-gonic/gin.CustomRecoveryWithWriter.func1\n\t/Users/maggie/go/pkg/mod/github.com/gin-gonic/gin@v1.10.1/recovery.go:102\ngithub.com/gin-gonic/gin.(*Context).Next\n\t/Users/maggie/go/pkg/mod/github.com/gin-gonic/gin@v1.10.1/context.go:185\ngithub.com/gin-gonic/gin.LoggerWithConfig.func1\n\t/Users/maggie/go/pkg/mod/github.com/gin-gonic/gin@v1.10.1/logger.go:249\ngithub.com/gin-gonic/gin.(*Context).Next\n\t/Users/maggie/go/pkg/mod/github.com/gin-gonic/gin@v1.10.1/context.go:185\ngithub.com/gin-gonic/gin.(*Engine).handleHTTPRequest\n\t/Users/maggie/go/pkg/mod/github.com/gin-gonic/gin@v1.10.1/gin.go:644\ngithub.com/gin-gonic/gin.(*Engine).ServeHTTP\n\t/Users/maggie/go/pkg/mod/github.com/gin-gonic/gin@v1.10.1/gin.go:600\nnet/http.serverHandler.ServeHTTP\n\t/usr/local/go/src/net/http/server.go:3301\nnet/http.(*conn).serve\n\t/usr/local/go/src/net/http/server.go:2102"}
{"level":"info","ts":"2025-10-11T16:56:44.677+0800","caller":"api/main.go:44","msg":"server starts successfully","module":"gin-api"}
{"level":"info","ts":"2025-10-11T16:56:59.815+0800","caller":"eval/eval.go:47","msg":"CreateBatchEvalJob started","module":"gin-api","userId":2,"datasetId":17}
{"level":"error","ts":"2025-10-11T16:56:59.828+0800","caller":"eval/eval.go:111","msg":"CreateBatchEvalJob channel queue errException (406) Reason: \"PRECONDITION_FAILED - inequivalent arg 'x-dead-letter-exchange' for queue 'eval_jobs' in vhost '/': received none but current is the value '' of type 'longstr'\"","module":"gin-api","userId":2,"stacktrace":"awesomeEval/internal/service/eval.(*Service).CreateBatchEvalJob\n\t/Users/maggie/GolandProjects/awesomeEval/internal/service/eval/eval.go:111\nawesomeEval/internal/handler.(*EvalHandler).CreateBatchEvalJob\n\t/Users/maggie/GolandProjects/awesomeEval/internal/handler/eval.go:33\ngithub.com/gin-gonic/gin.(*Context).Next\n\t/Users/maggie/go/pkg/mod/github.com/gin-gonic/gin@v1.10.1/context.go:185\nmain.main.(*AuthHandler).AuthMiddleware.func3\n\t/Users/maggie/GolandProjects/awesomeEval/middleware/auth.go:62\ngithub.com/gin-gonic/gin.(*Context).Next\n\t/Users/maggie/go/pkg/mod/github.com/gin-gonic/gin@v1.10.1/context.go:185\nmain.main.RecoveryWithZap.CustomRecoveryWithZap.func7\n\t/Users/maggie/go/pkg/mod/github.com/gin-contrib/zap@v1.1.5/zap.go:199\ngithub.com/gin-gonic/gin.(*Context).Next\n\t/Users/maggie/go/pkg/mod/github.com/gin-gonic/gin@v1.10.1/context.go:185\nmain.main.Ginzap.GinzapWithConfig.func6\n\t/Users/maggie/go/pkg/mod/github.com/gin-contrib/zap@v1.1.5/zap.go:76\ngithub.com/gin-gonic/gin.(*Context).Next\n\t/Users/maggie/go/pkg/mod/github.com/gin-gonic/gin@v1.10.1/context.go:185\ngithub.com/gin-gonic/gin.CustomRecoveryWithWriter.func1\n\t/Users/maggie/go/pkg/mod/github.com/gin-gonic/gin@v1.10.1/recovery.go:102\ngithub.com/gin-gonic/gin.(*Context).Next\n\t/Users/maggie/go/pkg/mod/github.com/gin-gonic/gin@v1.10.1/context.go:185\ngithub.com/gin-gonic/gin.LoggerWithConfig.func1\n\t/Users/maggie/go/pkg/mod/github.com/gin-gonic/gin@v1.10.1/logger.go:249\ngithub.com/gin-gonic/gin.(*Context).Next\n\t/Users/maggie/go/pkg/mod/github.com/gin-gonic/gin@v1.10.1/context.go:185\ngithub.com/gin-gonic/gin.(*Engine).handleHTTPRequest\n\t/Users/maggie/go/pkg/mod/github.com/gin-gonic/gin@v1.10.1/gin.go:644\ngithub.com/gin-gonic/gin.(*Engine).ServeHTTP\n\t/Users/maggie/go/pkg/mod/github.com/gin-gonic/gin@v1.10.1/gin.go:600\nnet/http.serverHandler.ServeHTTP\n\t/usr/local/go/src/net/http/server.go:3301\nnet/http.(*conn).serve\n\t/usr/local/go/src/net/http/server.go:2102"}
{"level":"info","ts":"2025-10-11T17:02:26.324+0800","caller":"api/main.go:44","msg":"server starts successfully","module":"gin-api"}
{"level":"info","ts":"2025-10-11T17:02:35.628+0800","caller":"eval/eval.go:48","msg":"CreateBatchEvalJob started","module":"gin-api","userId":2,"datasetId":17}
{"level":"info","ts":"2025-10-11T17:02:35.641+0800","caller":"eval/eval.go:171","msg":"CreateBatchEvalJob success","module":"gin-api","userId":2}
{"level":"info","ts":"2025-10-11T17:02:35.642+0800","caller":"zap@v1.1.5/zap.go:125","msg":"/eval/task/create","module":"gin-api","status":200,"method":"POST","path":"/eval/task/create","query":"","ip":"::1","user-agent":"PostmanRuntime/7.45.0","latency":0.015694,"time":"2025-10-11T09:02:35Z"}
{"level":"info","ts":"2025-10-11T17:03:06.061+0800","caller":"mq/dataset_worker.go:64","msg":"DatasetWorker started, waiting for jobs...","module":"mq-worker","queue":"dataset_jobs"}
{"level":"info","ts":"2025-10-11T17:03:06.061+0800","caller":"mq/eval_worker.go:86","msg":"EvalWorker started, waiting for jobs...","module":"mq-worker","queue":"eval_jobs","worker_pool_size":15}
{"level":"info","ts":"2025-10-11T17:03:28.518+0800","caller":"eval/eval.go:48","msg":"CreateBatchEvalJob started","module":"gin-api","userId":2,"datasetId":17}
{"level":"info","ts":"2025-10-11T17:03:28.525+0800","caller":"eval/eval.go:171","msg":"CreateBatchEvalJob success","module":"gin-api","userId":2}
{"level":"info","ts":"2025-10-11T17:03:28.527+0800","caller":"zap@v1.1.5/zap.go:125","msg":"/eval/task/create","module":"gin-api","status":200,"method":"POST","path":"/eval/task/create","query":"","ip":"::1","user-agent":"PostmanRuntime/7.45.0","latency":0.009146708,"time":"2025-10-11T09:03:28Z"}
{"level":"info","ts":"2025-10-11T17:03:59.787+0800","caller":"mq/eval_worker.go:168","msg":"Task finished successfully","module":"mq-worker","task_uuid":"f9b46945-9f3c-44a9-82ed-26e66efb94f9"}
{"level":"info","ts":"2025-10-11T17:06:34.289+0800","caller":"mq/dataset_worker.go:64","msg":"DatasetWorker started, waiting for jobs...","module":"mq-worker","queue":"dataset_jobs"}
{"level":"info","ts":"2025-10-11T17:06:34.289+0800","caller":"mq/eval_worker.go:86","msg":"EvalWorker started, waiting for jobs...","module":"mq-worker","queue":"eval_jobs","worker_pool_size":15}
{"level":"info","ts":"2025-10-11T17:07:50.164+0800","caller":"api/main.go:44","msg":"server starts successfully","module":"gin-api"}
{"level":"info","ts":"2025-10-11T17:07:54.356+0800","caller":"mq/dataset_worker.go:64","msg":"DatasetWorker started, waiting for jobs...","module":"mq-worker","queue":"dataset_jobs"}
{"level":"info","ts":"2025-10-11T17:07:54.356+0800","caller":"mq/eval_worker.go:86","msg":"EvalWorker started, waiting for jobs...","module":"mq-worker","queue":"eval_jobs","worker_pool_size":15}
{"level":"info","ts":"2025-10-11T17:08:17.241+0800","caller":"eval/eval.go:48","msg":"CreateBatchEvalJob started","module":"gin-api","userId":2,"datasetId":17}
{"level":"info","ts":"2025-10-11T17:08:17.251+0800","caller":"eval/eval.go:171","msg":"CreateBatchEvalJob success","module":"gin-api","userId":2}
{"level":"info","ts":"2025-10-11T17:08:17.252+0800","caller":"zap@v1.1.5/zap.go:125","msg":"/eval/task/create","module":"gin-api","status":200,"method":"POST","path":"/eval/task/create","query":"","ip":"::1","user-agent":"PostmanRuntime/7.45.0","latency":0.012406625,"time":"2025-10-11T09:08:17Z"}
{"level":"info","ts":"2025-10-11T17:08:20.721+0800","caller":"eval/eval.go:48","msg":"CreateBatchEvalJob started","module":"gin-api","userId":2,"datasetId":17}
{"level":"info","ts":"2025-10-11T17:08:20.727+0800","caller":"eval/eval.go:171","msg":"CreateBatchEvalJob success","module":"gin-api","userId":2}
{"level":"info","ts":"2025-10-11T17:08:20.728+0800","caller":"zap@v1.1.5/zap.go:125","msg":"/eval/task/create","module":"gin-api","status":200,"method":"POST","path":"/eval/task/create","query":"","ip":"::1","user-agent":"PostmanRuntime/7.45.0","latency":0.007000416,"time":"2025-10-11T09:08:20Z"}
{"level":"info","ts":"2025-10-11T17:08:24.206+0800","caller":"eval/eval.go:48","msg":"CreateBatchEvalJob started","module":"gin-api","userId":2,"datasetId":17}
{"level":"info","ts":"2025-10-11T17:08:24.213+0800","caller":"eval/eval.go:171","msg":"CreateBatchEvalJob success","module":"gin-api","userId":2}
{"level":"info","ts":"2025-10-11T17:08:24.213+0800","caller":"zap@v1.1.5/zap.go:125","msg":"/eval/task/create","module":"gin-api","status":200,"method":"POST","path":"/eval/task/create","query":"","ip":"::1","user-agent":"PostmanRuntime/7.45.0","latency":0.008452083,"time":"2025-10-11T09:08:24Z"}
{"level":"info","ts":"2025-10-11T17:08:53.771+0800","caller":"mq/eval_worker.go:168","msg":"Task finished successfully","module":"mq-worker","task_uuid":"196b20cf-f1be-4918-b550-c14094d15676"}
{"level":"info","ts":"2025-10-11T17:09:14.025+0800","caller":"mq/eval_worker.go:168","msg":"Task finished successfully","module":"mq-worker","task_uuid":"b035bd3c-d8dc-47b2-8f46-08b0226597ec"}
{"level":"info","ts":"2025-10-11T17:09:18.935+0800","caller":"mq/eval_worker.go:168","msg":"Task finished successfully","module":"mq-worker","task_uuid":"77b7343b-3c02-403b-9d64-b7f39afc87e2"}
{"level":"info","ts":"2025-10-11T17:09:28.179+0800","caller":"mq/eval_worker.go:168","msg":"Task finished successfully","module":"mq-worker","task_uuid":"0eaa6a6c-3b3f-4519-ac3a-0b3a831e2730"}
